1012 (0x3f4)
1 (0x1)
2 (0x2)
3 (0x3)
1 (0x1)
2 (0x2)
