-9 (0xfffffff7)
-4 (0xfffffffc)
0 (0x0)
1 (0x1)
7 (0x7)
34 (0x22)
