10 (0xa)
5 (0x5)
2 (0x2)
1 (0x1)
0 (0x0)
2147483647 (0x7fffffff)
2147467264 (0x7fffc000)
