64 (0x40)
64 (0x40)
0 (0x0)
129 (0x81)
128 (0x80)
1 (0x1)
129 (0x81)
0 (0x0)
2177 (0x881)
2048 (0x800)
